###############################################################################
#
# IAR ELF Linker V7.70.1.11437/W32 for ARM                16/May/2017  11:17:34
# Copyright 2007-2016 IAR Systems AB.
#
#    Output file  =  
#        T:\znc2017\直立D-5-4-6：48(环路已破) -
#        副本\Prj\IAR\FX15_Debug\Exe\vcan_Kinetis.out
#    Map file     =  
#        T:\znc2017\直立D-5-4-6：48(环路已破) -
#        副本\Prj\IAR\FX15_Debug\List\vcan_Kinetis.map
#    Command line =  
#        "T:\znc2017\直立D-5-4-6：48(环路已破) -
#        副本\Prj\IAR\FX15_Debug\Obj\Balance.o"
#        "T:\znc2017\直立D-5-4-6：48(环路已破) -
#        副本\Prj\IAR\FX15_Debug\Obj\Control.o"
#        "T:\znc2017\直立D-5-4-6：48(环路已破) -
#        副本\Prj\IAR\FX15_Debug\Obj\Data_Tra.o"
#        "T:\znc2017\直立D-5-4-6：48(环路已破) -
#        副本\Prj\IAR\FX15_Debug\Obj\DataScope_DP.o"
#        "T:\znc2017\直立D-5-4-6：48(环路已破) -
#        副本\Prj\IAR\FX15_Debug\Obj\diskio.o"
#        "T:\znc2017\直立D-5-4-6：48(环路已破) -
#        副本\Prj\IAR\FX15_Debug\Obj\ff.o"
#        "T:\znc2017\直立D-5-4-6：48(环路已破) -
#        副本\Prj\IAR\FX15_Debug\Obj\Handle.o"
#        "T:\znc2017\直立D-5-4-6：48(环路已破) -
#        副本\Prj\IAR\FX15_Debug\Obj\inv_mpu.o"
#        "T:\znc2017\直立D-5-4-6：48(环路已破) -
#        副本\Prj\IAR\FX15_Debug\Obj\inv_mpu_dmp_motion_driver.o"
#        "T:\znc2017\直立D-5-4-6：48(环路已破) -
#        副本\Prj\IAR\FX15_Debug\Obj\main.o"
#        "T:\znc2017\直立D-5-4-6：48(环路已破) -
#        副本\Prj\IAR\FX15_Debug\Obj\misc.o"
#        "T:\znc2017\直立D-5-4-6：48(环路已破) -
#        副本\Prj\IAR\FX15_Debug\Obj\MK60_adc.o"
#        "T:\znc2017\直立D-5-4-6：48(环路已破) -
#        副本\Prj\IAR\FX15_Debug\Obj\MK60_can.o"
#        "T:\znc2017\直立D-5-4-6：48(环路已破) -
#        副本\Prj\IAR\FX15_Debug\Obj\MK60_conf.o"
#        "T:\znc2017\直立D-5-4-6：48(环路已破) -
#        副本\Prj\IAR\FX15_Debug\Obj\MK60_dac.o"
#        "T:\znc2017\直立D-5-4-6：48(环路已破) -
#        副本\Prj\IAR\FX15_Debug\Obj\MK60_dma.o"
#        "T:\znc2017\直立D-5-4-6：48(环路已破) -
#        副本\Prj\IAR\FX15_Debug\Obj\MK60_DWT.o"
#        "T:\znc2017\直立D-5-4-6：48(环路已破) -
#        副本\Prj\IAR\FX15_Debug\Obj\MK60_flash.o"
#        "T:\znc2017\直立D-5-4-6：48(环路已破) -
#        副本\Prj\IAR\FX15_Debug\Obj\MK60_flexbus.o"
#        "T:\znc2017\直立D-5-4-6：48(环路已破) -
#        副本\Prj\IAR\FX15_Debug\Obj\MK60_ftm.o"
#        "T:\znc2017\直立D-5-4-6：48(环路已破) -
#        副本\Prj\IAR\FX15_Debug\Obj\MK60_gpio.o"
#        "T:\znc2017\直立D-5-4-6：48(环路已破) -
#        副本\Prj\IAR\FX15_Debug\Obj\MK60_i2c.o"
#        "T:\znc2017\直立D-5-4-6：48(环路已破) -
#        副本\Prj\IAR\FX15_Debug\Obj\MK60_it.o"
#        "T:\znc2017\直立D-5-4-6：48(环路已破) -
#        副本\Prj\IAR\FX15_Debug\Obj\MK60_lptmr.o"
#        "T:\znc2017\直立D-5-4-6：48(环路已破) -
#        副本\Prj\IAR\FX15_Debug\Obj\MK60_mcg.o"
#        "T:\znc2017\直立D-5-4-6：48(环路已破) -
#        副本\Prj\IAR\FX15_Debug\Obj\MK60_PIT.o"
#        "T:\znc2017\直立D-5-4-6：48(环路已破) -
#        副本\Prj\IAR\FX15_Debug\Obj\MK60_port.o"
#        "T:\znc2017\直立D-5-4-6：48(环路已破) -
#        副本\Prj\IAR\FX15_Debug\Obj\MK60_rtc.o"
#        "T:\znc2017\直立D-5-4-6：48(环路已破) -
#        副本\Prj\IAR\FX15_Debug\Obj\MK60_sdhc.o"
#        "T:\znc2017\直立D-5-4-6：48(环路已破) -
#        副本\Prj\IAR\FX15_Debug\Obj\MK60_spi.o"
#        "T:\znc2017\直立D-5-4-6：48(环路已破) -
#        副本\Prj\IAR\FX15_Debug\Obj\MK60_SysTick.o"
#        "T:\znc2017\直立D-5-4-6：48(环路已破) -
#        副本\Prj\IAR\FX15_Debug\Obj\MK60_uart.o"
#        "T:\znc2017\直立D-5-4-6：48(环路已破) -
#        副本\Prj\IAR\FX15_Debug\Obj\MK60_usb.o"
#        "T:\znc2017\直立D-5-4-6：48(环路已破) -
#        副本\Prj\IAR\FX15_Debug\Obj\MK60_wdog.o"
#        "T:\znc2017\直立D-5-4-6：48(环路已破) -
#        副本\Prj\IAR\FX15_Debug\Obj\MPU6050.o"
#        "T:\znc2017\直立D-5-4-6：48(环路已破) -
#        副本\Prj\IAR\FX15_Debug\Obj\My_I2C.o"
#        "T:\znc2017\直立D-5-4-6：48(环路已破) -
#        副本\Prj\IAR\FX15_Debug\Obj\PID.o"
#        "T:\znc2017\直立D-5-4-6：48(环路已破) -
#        副本\Prj\IAR\FX15_Debug\Obj\rudder.o"
#        "T:\znc2017\直立D-5-4-6：48(环路已破) -
#        副本\Prj\IAR\FX15_Debug\Obj\startup_MK60DZ10.o"
#        "T:\znc2017\直立D-5-4-6：48(环路已破) -
#        副本\Prj\IAR\FX15_Debug\Obj\System.o"
#        "T:\znc2017\直立D-5-4-6：48(环路已破) -
#        副本\Prj\IAR\FX15_Debug\Obj\system_MK60DZ10.o"
#        "T:\znc2017\直立D-5-4-6：48(环路已破) -
#        副本\Prj\IAR\FX15_Debug\Obj\USB.o"
#        "T:\znc2017\直立D-5-4-6：48(环路已破) -
#        副本\Prj\IAR\FX15_Debug\Obj\USB_CDC.o"
#        "T:\znc2017\直立D-5-4-6：48(环路已破) -
#        副本\Prj\IAR\FX15_Debug\Obj\VCAN_ASCII.o"
#        "T:\znc2017\直立D-5-4-6：48(环路已破) -
#        副本\Prj\IAR\FX15_Debug\Obj\VCAN_BMP.o"
#        "T:\znc2017\直立D-5-4-6：48(环路已破) -
#        副本\Prj\IAR\FX15_Debug\Obj\VCAN_computer.o"
#        "T:\znc2017\直立D-5-4-6：48(环路已破) -
#        副本\Prj\IAR\FX15_Debug\Obj\vcan_img2sd.o"
#        "T:\znc2017\直立D-5-4-6：48(环路已破) -
#        副本\Prj\IAR\FX15_Debug\Obj\VCAN_key.o"
#        "T:\znc2017\直立D-5-4-6：48(环路已破) -
#        副本\Prj\IAR\FX15_Debug\Obj\VCAN_key_event.o"
#        "T:\znc2017\直立D-5-4-6：48(环路已破) -
#        副本\Prj\IAR\FX15_Debug\Obj\VCAN_LCD.o"
#        "T:\znc2017\直立D-5-4-6：48(环路已破) -
#        副本\Prj\IAR\FX15_Debug\Obj\VCAN_LCD_CH.o"
#        "T:\znc2017\直立D-5-4-6：48(环路已破) -
#        副本\Prj\IAR\FX15_Debug\Obj\VCAN_LCD_ILI9341.o"
#        "T:\znc2017\直立D-5-4-6：48(环路已破) -
#        副本\Prj\IAR\FX15_Debug\Obj\VCAN_LCD_ST7735R.o"
#        "T:\znc2017\直立D-5-4-6：48(环路已破) -
#        副本\Prj\IAR\FX15_Debug\Obj\VCAN_LCD_ST7735S.o"
#        "T:\znc2017\直立D-5-4-6：48(环路已破) -
#        副本\Prj\IAR\FX15_Debug\Obj\VCAN_LED.o"
#        "T:\znc2017\直立D-5-4-6：48(环路已破) -
#        副本\Prj\IAR\FX15_Debug\Obj\VCAN_MMA7455.o"
#        "T:\znc2017\直立D-5-4-6：48(环路已破) -
#        副本\Prj\IAR\FX15_Debug\Obj\VCAN_NRF24L0.o"
#        "T:\znc2017\直立D-5-4-6：48(环路已破) -
#        副本\Prj\IAR\FX15_Debug\Obj\VCAN_NRF24L0_MSG.o"
#        "T:\znc2017\直立D-5-4-6：48(环路已破) -
#        副本\Prj\IAR\FX15_Debug\Obj\VCAN_OV7725_Eagle.o"
#        "T:\znc2017\直立D-5-4-6：48(环路已破) -
#        副本\Prj\IAR\FX15_Debug\Obj\VCAN_OV7725_Wolf.o"
#        "T:\znc2017\直立D-5-4-6：48(环路已破) -
#        副本\Prj\IAR\FX15_Debug\Obj\VCAN_RTC_count.o"
#        "T:\znc2017\直立D-5-4-6：48(环路已破) -
#        副本\Prj\IAR\FX15_Debug\Obj\VCAN_SCCB.o"
#        "T:\znc2017\直立D-5-4-6：48(环路已破) -
#        副本\Prj\IAR\FX15_Debug\Obj\vcan_sd_app.o"
#        "T:\znc2017\直立D-5-4-6：48(环路已破) -
#        副本\Prj\IAR\FX15_Debug\Obj\Vcan_touch.o"
#        "T:\znc2017\直立D-5-4-6：48(环路已破) -
#        副本\Prj\IAR\FX15_Debug\Obj\VCAN_TSL1401.o"
#        "T:\znc2017\直立D-5-4-6：48(环路已破) -
#        副本\Prj\IAR\FX15_Debug\Obj\VCAN_UI_VAR.o"
#        "T:\znc2017\直立D-5-4-6：48(环路已破) -
#        副本\Prj\IAR\FX15_Debug\Obj\vectors.o" -o
#        "T:\znc2017\直立D-5-4-6：48(环路已破) -
#        副本\Prj\IAR\FX15_Debug\Exe\vcan_Kinetis.out" --map
#        "T:\znc2017\直立D-5-4-6：48(环路已破) -
#        副本\Prj\IAR\FX15_Debug\List\vcan_Kinetis.map" --config
#        "T:\znc2017\直立D-5-4-6：48(环路已破) - 副本\Prj\IAR\config
#        files\vcan_ROM_K60X512.icf" --semihosting
#        "T:\znc2017\直立D-5-4-6：48(环路已破) -
#        副本\Prj\IAR\..\..\Lib\CMSIS\iar_cortexM4l_math.a" --entry
#        __iar_program_start --vfe
#
###############################################################################

*******************************************************************************
*** RUNTIME MODEL ATTRIBUTES
***

CppFlavor       = *
__SystemLibrary = DLib


*******************************************************************************
*** PLACEMENT SUMMARY
***

"A0":  place at 0x00000000 { ro section .intvec };
"A1":  place at 0x00000410 { ro section .noinit };
"P1":  place in [from 0x00000000 to 0x00080000] |
                [from 0x10000000 to 0x1007ffff] { ro, block CodeRelocate };
"P2":  place in [from 0x1fff0410 to 0x20010000] {
          rw, block CodeRelocateRam, block CSTACK, block HEAP };
initialize manually with packing = copy, complex ranges { rw };
initialize manually with packing = copy, complex ranges { section .data };
initialize manually with packing = copy, complex ranges { section .textrw };

  Section              Kind        Address    Size  Object
  -------              ----        -------    ----  ------
"A0":                                        0x410
  .intvec              const    0x00000000   0x410  vectors.o [1]
                              - 0x00000410   0x410

"A1":                                          0x8
  .noinit              ro code  0x00000410     0x8  startup_MK60DZ10.o [1]
                              - 0x00000418     0x8

"P1":                                       0x60c0
  .text                ro code  0x00000418  0x1530  Handle.o [1]
  .text                ro code  0x00001948    0x16  Control.o [1]
  .text                ro code  0x00001960    0x30  I32ToDbl.o [4]
  .text                ro code  0x00001990   0x1a2  DblMul.o [4]
  .text                ro code  0x00001b34    0xe8  DblAdd.o [4]
  .text                ro code  0x00001c1c    0x58  DblToI32.o [4]
  .text                ro code  0x00001c74    0x90  DblToFlt.o [4]
  .text                ro code  0x00001d04   0x256  DblDiv.o [4]
  .text                ro code  0x00001f5c    0x4e  FltToDbl.o [4]
  .text                ro code  0x00001fac   0x180  DblSub.o [4]
  .text                ro code  0x0000212c   0xdb6  xprintffull_nomb.o [3]
  .text                ro code  0x00002ee4    0x16  strchr.o [5]
  .text                ro code  0x00002efc    0x36  strlen.o [5]
  .text                ro code  0x00002f34    0x58  memchr.o [5]
  .text                ro code  0x00002f8c    0xee  I64DivMod.o [5]
  .text                ro code  0x0000307c    0x76  ABImemcpy_unaligned.o [5]
  .text                ro code  0x000030f2    0x44  xdnorm.o [4]
  .text                ro code  0x00003138    0x2e  DblCmpLe.o [4]
  .text                ro code  0x00003168    0x2e  DblCmpGe.o [4]
  .text                ro code  0x00003198   0x114  xdscale.o [4]
  .text                ro code  0x000032ac    0x6c  localeconv.o [3]
  .text                ro code  0x00003318     0xe  div.o [3]
  .text                ro code  0x00003328     0x2  I64DivZer.o [5]
  .text                ro code  0x0000332a     0x2  xtls.o [3]
  .data_init                    0x0000332c   0x874  <Block>
    Initializer bytes  const    0x0000332c   0x874  <for .data-1>
  .text                ro code  0x00003ba0   0x5dc  MK60_ftm.o [1]
  .text                ro code  0x0000417c    0xb8  MK60_port.o [1]
  Veneer               ro code  0x00004234     0x8  - Linker created -
  Veneer               ro code  0x0000423c     0x8  - Linker created -
  .text                ro code  0x00004244   0x144  MK60_conf.o [1]
  .text                ro code  0x00004388    0xac  VCAN_LED.o [1]
  .text                ro code  0x00004434    0x24  printf.o [3]
  .text                ro code  0x00004458    0x64  MK60_SysTick.o [1]
  .text                ro code  0x000044bc   0x2a8  MK60_uart.o [1]
  .text                ro code  0x00004764    0x9c  VCAN_key.o [1]
  .text                ro code  0x00004800   0x19c  MK60_gpio.o [1]
  Veneer               ro code  0x0000499c     0x8  - Linker created -
  .text                ro code  0x000049a4   0x3d4  MK60_mcg.o [1]
  .text                ro code  0x00004d78   0x3d0  MK60_it.o [1]
  .text                ro code  0x00005148   0x218  VCAN_OV7725_Eagle.o [1]
  .text                ro code  0x00005360   0x244  MK60_dma.o [1]
  .text                ro code  0x000055a4   0x362  VCAN_SCCB.o [1]
  CodeRelocate                  0x00005908   0x1f0  <Block>
    Initializer bytes  const    0x00005908   0x1f0  <for CodeRelocateRam-1>
  .text                ro code  0x00005af8   0x1d2  System.o [1]
  .text                ro code  0x00005ccc    0x50  misc.o [1]
  .text                ro code  0x00005d1c    0x7c  MK60_PIT.o [1]
  .text                ro code  0x00005d98   0x140  system_MK60DZ10.o [1]
  .text                ro code  0x00005ed8    0x40  MK60_wdog.o [1]
  .text                ro code  0x00005f18    0x90  main.o [1]
  .text                ro code  0x00005fa8    0x78  rudder.o [1]
  .rodata              const    0x00006020    0x40  MK60_SysTick.o [1]
  .text                ro code  0x00006060    0x40  zero_init3.o [5]
  .rodata              const    0x000060a0    0x3c  MK60_conf.o [1]
  .rodata              const    0x000060dc    0x3c  MK60_dma.o [1]
  .rodata              const    0x00006118    0x3c  MK60_flash.o [1]
  .rodata              const    0x00006154    0x3c  MK60_ftm.o [1]
  .rodata              const    0x00006190    0x3c  MK60_gpio.o [1]
  .rodata              const    0x000061cc    0x3c  MK60_PIT.o [1]
  .rodata              const    0x00006208    0x3c  MK60_uart.o [1]
  .rodata              const    0x00006244    0x38  misc.o [1]
  .text                ro code  0x0000627c    0x28  data_init.o [5]
  .rodata              const    0x000062a4    0x24  MK60_conf.o [1]
  .rodata              const    0x000062c8    0x24  VCAN_OV7725_Eagle.o [1]
  .rodata              const    0x000062ec    0x24  VCAN_OV7725_Eagle.o [1]
  .text                ro code  0x00006310    0x22  fpinit_M.o [4]
  .iar.init_table      const    0x00006334    0x10  - Linker created -
  .rodata              const    0x00006344    0x20  MK60_conf.o [1]
  .rodata              const    0x00006364    0x20  VCAN_OV7725_Eagle.o [1]
  .text                ro code  0x00006384    0x1a  cmain.o [5]
  .text                ro code  0x0000639e     0x4  low_level_init.o [3]
  .text                ro code  0x000063a2     0x4  exit.o [3]
  .text                ro code  0x000063a8     0xa  cexit.o [5]
  .text                ro code  0x000063b4    0x14  exit.o [6]
  .rodata              const    0x000063c8    0x18  VCAN_OV7725_Eagle.o [1]
  .rodata              const    0x000063e0    0x18  VCAN_OV7725_Eagle.o [1]
  .text                ro code  0x000063f8    0x16  xprout.o [3]
  .text                ro code  0x00006410     0xc  putchar.o [3]
  .rodata              const    0x0000641c    0x14  MK60_conf.o [1]
  .rodata              const    0x00006430    0x14  VCAN_OV7725_Eagle.o [1]
  .text                ro code  0x00006444     0xc  cstartup_M.o [5]
  .rodata              const    0x00006450     0x0  zero_init3.o [5]
  Initializer bytes    const    0x00006450    0x88  <for P2 s0>
                              - 0x000064d8  0x60c0

"P2", part 1 of 3:                           0xa64
  .data                         0x1fff0410   0x874  <Block>
    .data-1                     0x1fff0410   0x874  <Init block>
      .data            inited   0x1fff0410     0xc  Handle.o [1]
      .data            inited   0x1fff041c   0x708  MK60_conf.o [1]
      .data            inited   0x1fff0b24    0x10  MK60_ftm.o [1]
      .data            inited   0x1fff0b34    0x14  MK60_gpio.o [1]
      .data            inited   0x1fff0b48    0x58  MK60_mcg.o [1]
      .data            inited   0x1fff0ba0     0x4  MK60_mcg.o [1]
      .data            inited   0x1fff0ba4    0x14  MK60_port.o [1]
      .data            inited   0x1fff0bb8    0x18  MK60_uart.o [1]
      .data            inited   0x1fff0bd0     0x8  VCAN_key.o [1]
      .data            inited   0x1fff0bd8     0x4  VCAN_LED.o [1]
      .data            inited   0x1fff0bdc    0x64  VCAN_OV7725_Eagle.o [1]
      .data            inited   0x1fff0c40    0x40  xfiles.o [3]
      .data            inited   0x1fff0c80     0x2  Handle.o [1]
      .data            inited   0x1fff0c82     0x1  VCAN_OV7725_Eagle.o [1]
      .data            inited   0x1fff0c83     0x1  VCAN_OV7725_Eagle.o [1]
  CodeRelocateRam               0x1fff0c84   0x1f0  <Block>
    CodeRelocateRam-1           0x1fff0c84   0x1f0  <Init block>
      Veneer           inited   0x1fff0c84     0x8  - Linker created -
      Veneer           inited   0x1fff0c8c     0x8  - Linker created -
      .textrw          inited   0x1fff0c94   0x190  MK60_flash.o [1]
      .textrw          inited   0x1fff0e24    0x50  MK60_mcg.o [1]
                              - 0x1fff0e74   0xa64

"P2", part 2 of 3:                          0x1814
  .bss                          0x1fff0e74  0x1814  <Block>
    .bss               zero     0x1fff0e74     0x4  Balance.o [1]
    .bss               zero     0x1fff0e78    0x40  Handle.o [1]
    .bss               zero     0x1fff0eb8    0x40  Handle.o [1]
    .bss               zero     0x1fff0ef8    0x40  Handle.o [1]
    .bss               zero     0x1fff0f38    0x40  Handle.o [1]
    .bss               zero     0x1fff0f78    0x40  Handle.o [1]
    .bss               zero     0x1fff0fb8    0x40  Handle.o [1]
    .bss               zero     0x1fff0ff8    0x40  Handle.o [1]
    .bss               zero     0x1fff1038    0x40  Handle.o [1]
    .bss               zero     0x1fff1078    0x40  Handle.o [1]
    .bss               zero     0x1fff10b8     0x4  Handle.o [1]
    .bss               zero     0x1fff10bc     0x4  Handle.o [1]
    .bss               zero     0x1fff10c0     0x4  Handle.o [1]
    .bss               zero     0x1fff10c4     0x4  Handle.o [1]
    .bss               zero     0x1fff10c8     0x4  Handle.o [1]
    .bss               zero     0x1fff10cc     0x4  Handle.o [1]
    .bss               zero     0x1fff10d0     0x4  Handle.o [1]
    .bss               zero     0x1fff10d4   0x258  main.o [1]
    .bss               zero     0x1fff132c  0x12c0  main.o [1]
    .bss               zero     0x1fff25ec     0x4  main.o [1]
    .bss               zero     0x1fff25f0     0x4  MK60_it.o [1]
    .bss               zero     0x1fff25f4     0x4  MK60_it.o [1]
    .bss               zero     0x1fff25f8     0x4  MK60_it.o [1]
    .bss               zero     0x1fff25fc     0x4  MK60_it.o [1]
    .bss               zero     0x1fff2600     0x4  system_MK60DZ10.o [1]
    .bss               zero     0x1fff2604     0x4  system_MK60DZ10.o [1]
    .bss               zero     0x1fff2608     0x4  system_MK60DZ10.o [1]
    .bss               zero     0x1fff260c     0x4  VCAN_OV7725_Eagle.o [1]
    .bss               zero     0x1fff2610    0x50  xfiles.o [3]
    .bss               zero     0x1fff2660     0x2  Handle.o [1]
    .bss               zero     0x1fff2662     0x2  MK60_it.o [1]
    .bss               zero     0x1fff2664     0x2  MK60_it.o [1]
    .bss               zero     0x1fff2666     0x2  MK60_it.o [1]
    .bss               zero     0x1fff2668     0x2  MK60_it.o [1]
    .bss               zero     0x1fff266a     0x2  MK60_it.o [1]
    .bss               zero     0x1fff266c     0x2  MK60_it.o [1]
    .bss               zero     0x1fff266e     0x2  MK60_it.o [1]
    .bss               zero     0x1fff2670     0x2  MK60_it.o [1]
    .bss               zero     0x1fff2672     0x1  Handle.o [1]
    .bss               zero     0x1fff2673     0x1  Handle.o [1]
    .bss               zero     0x1fff2674     0x1  Handle.o [1]
    .bss               zero     0x1fff2675     0x1  Handle.o [1]
    .bss               zero     0x1fff2676     0x1  Handle.o [1]
    .bss               zero     0x1fff2677     0x1  Handle.o [1]
    .bss               zero     0x1fff2678     0x1  Handle.o [1]
    .bss               zero     0x1fff2679     0x1  Handle.o [1]
    .bss               zero     0x1fff267a     0x1  Handle.o [1]
    .bss               zero     0x1fff267b     0x1  Handle.o [1]
    .bss               zero     0x1fff267c     0x1  Handle.o [1]
    .bss               zero     0x1fff267d     0x1  Handle.o [1]
    .bss               zero     0x1fff267e     0x1  Handle.o [1]
    .bss               zero     0x1fff267f     0x1  Handle.o [1]
    .bss               zero     0x1fff2680     0x1  Handle.o [1]
    .bss               zero     0x1fff2681     0x1  Handle.o [1]
    .bss               zero     0x1fff2682     0x1  MK60_it.o [1]
    .bss               zero     0x1fff2683     0x1  MK60_it.o [1]
    .bss               zero     0x1fff2684     0x1  MK60_it.o [1]
    .bss               zero     0x1fff2685     0x1  MK60_it.o [1]
    .bss               zero     0x1fff2686     0x1  VCAN_OV7725_Eagle.o [1]
                              - 0x1fff2688  0x1814

"P2", part 3 of 3:                            0x88
  P2 s0                         0x1fff2688    0x88  <Init block>
    __DLIB_PERTHREAD   inited   0x1fff2688    0x88  localeconv.o [3]
                              - 0x1fff2710    0x88


*******************************************************************************
*** INIT TABLE
***

          Address     Size
          -------     ----
Zero (__iar_zero_init3)
    1 destination range, total size 0x1813:
          0x1fff0e74  0x1813



*******************************************************************************
*** MODULE SUMMARY
***

    Module                 ro code  rw code  ro data  rw data
    ------                 -------  -------  -------  -------
T:\znc2017\直立D-5-4-6：48(环路已破) - 副本\Prj\IAR\FX15_Debug\Obj: [1]
    Balance.o                                               4
    Control.o                   22
    Handle.o                 5 424                14      636
    MK60_PIT.o                 124                60
    MK60_SysTick.o             100                64
    MK60_conf.o                324             1 948    1 800
    MK60_dma.o                 580                60
    MK60_flash.o                        400      460
    MK60_ftm.o               1 500                76       16
    MK60_gpio.o                412                80       20
    MK60_it.o                  976                         36
    MK60_mcg.o                 980       80      172       92
    MK60_port.o                184                20       20
    MK60_uart.o                680                84       24
    MK60_wdog.o                 64
    System.o                   466
    VCAN_LED.o                 172                 4        4
    VCAN_OV7725_Eagle.o        536               274      107
    VCAN_SCCB.o                866
    VCAN_key.o                 156                 8        8
    main.o                     144                      5 404
    misc.o                      80                56
    rudder.o                   120
    startup_MK60DZ10.o           8
    system_MK60DZ10.o          320                         12
    vectors.o                                  1 040
    ---------------------------------------------------------
    Total:                  14 238      480    4 420    8 183

command line: [2]
    ---------------------------------------------------------
    Total:

dl7M_tlf.a: [3]
    div.o                       14
    exit.o                       4
    localeconv.o               108               136      136
    low_level_init.o             4
    printf.o                    36
    putchar.o                   12
    xfiles.o                                      64      144
    xprintffull_nomb.o       3 510
    xprout.o                    22
    xtls.o                       2
    ---------------------------------------------------------
    Total:                   3 712               200      280

m7M_tls.a: [4]
    DblAdd.o                   232
    DblCmpGe.o                  46
    DblCmpLe.o                  46
    DblDiv.o                   598
    DblMul.o                   418
    DblSub.o                   384
    DblToFlt.o                 144
    DblToI32.o                  88
    FltToDbl.o                  78
    I32ToDbl.o                  48
    fpinit_M.o                  34
    xdnorm.o                    68
    xdscale.o                  276
    ---------------------------------------------------------
    Total:                   2 460

rt7M_tl.a: [5]
    ABImemcpy_unaligned.o      118
    I64DivMod.o                238
    I64DivZer.o                  2
    cexit.o                     10
    cmain.o                     26
    cstartup_M.o                12
    data_init.o                 40
    memchr.o                    88
    strchr.o                    22
    strlen.o                    54
    zero_init3.o                64
    ---------------------------------------------------------
    Total:                     674

shb_l.a: [6]
    exit.o                      20
    ---------------------------------------------------------
    Total:                      20

    Gaps                        32                 2
    Linker created              24       16       32
-------------------------------------------------------------
    Grand Total:            21 160      496    4 654    8 463


*******************************************************************************
*** ENTRY LIST
***

Entry                      Address    Size  Type      Object
-----                      -------    ----  ----      ------
.bss$$Base              0x1fff0e74           --   Gb  - Linker created -
.bss$$Limit             0x1fff2688           --   Gb  - Linker created -
.data$$Base             0x1fff0410           --   Gb  - Linker created -
.data$$Limit            0x1fff0c84           --   Gb  - Linker created -
.data_init$$Base        0x0000332c           --   Gb  - Linker created -
.data_init$$Limit       0x00003ba0           --   Gb  - Linker created -
.iar.init_table$$Base   0x00006334           --   Gb  - Linker created -
.iar.init_table$$Limit  0x00006344           --   Gb  - Linker created -
?main                   0x00006385          Code  Gb  cmain.o [5]
ASSERT_FAILED_STR       0x000062a4    0x24  Data  Gb  MK60_conf.o [1]
Annulus_Control         0x00000419    0x6a  Code  Gb  Handle.o [1]
Annulus_Count           0x1fff0410     0xc  Data  Gb  Handle.o [1]
Annulus_Delay           0x1fff2660     0x2  Data  Gb  Handle.o [1]
Annulus_Flag            0x1fff267e     0x1  Data  Gb  Handle.o [1]
Annulus_Handle          0x000004db   0x2ba  Code  Gb  Handle.o [1]
Annulus_Left            0x1fff267f     0x1  Data  Gb  Handle.o [1]
Annulus_Mode            0x1fff2681     0x1  Data  Gb  Handle.o [1]
Annulus_Right           0x1fff2680     0x1  Data  Gb  Handle.o [1]
Annulus_Times           0x1fff267d     0x1  Data  Gb  Handle.o [1]
Area_Calculate          0x00000db1   0x154  Code  Gb  Handle.o [1]
Area_Calculate::Result_Last
                        0x1fff10d0     0x4  Data  Lc  Handle.o [1]
Area_Left               0x1fff10c8     0x4  Data  Gb  Handle.o [1]
Area_Right              0x1fff10cc     0x4  Data  Gb  Handle.o [1]
Calculate_Add           0x000010a9    0x42  Code  Gb  Handle.o [1]
Calculate_Angle         0x00000f55    0x42  Code  Gb  Handle.o [1]
CodeRelocate$$Base      0x00005908           --   Gb  - Linker created -
CodeRelocate$$Limit     0x00005af8           --   Gb  - Linker created -
CodeRelocateRam$$Base   0x1fff0c84           --   Gb  - Linker created -
CodeRelocateRam$$Limit  0x1fff0e74           --   Gb  - Linker created -
Curve_Fitting           0x00000fa1    0xfc  Code  Gb  Handle.o [1]
DMA0_IRQHandler         0x00004f11     0x8  Code  Gb  MK60_it.o [1]
Difference              0x1fff0e74     0x4  Data  Gb  Balance.o [1]
FTMN                    0x1fff0b24    0x10  Data  Gb  MK60_ftm.o [1]
FTM_port_mux            0x00003ba1   0x1ac  Code  Lc  MK60_ftm.o [1]
First_Line_Handle       0x000010eb   0x19a  Code  Gb  Handle.o [1]
GPIOX                   0x1fff0b34    0x14  Data  Gb  MK60_gpio.o [1]
HMI_Send_End            0x00005ca9    0x22  Code  Gb  System.o [1]
ImageBuff               0x1fff10d4   0x258  Data  Gb  main.o [1]
Image_Flag              0x1fff2686     0x1  Data  Gb  VCAN_OV7725_Eagle.o [1]
Image_Handle            0x00000795   0x614  Code  Gb  Handle.o [1]
Image_Para_Init         0x00000483    0x58  Code  Gb  Handle.o [1]
KEY_PTxn                0x1fff0bd0     0x8  Data  Gb  VCAN_key.o [1]
LED_PTxn                0x1fff0bd8     0x4  Data  Gb  VCAN_LED.o [1]
Left_Add_Flag           0x1fff0fb8    0x40  Data  Gb  Handle.o [1]
Left_Add_Line           0x1fff0f38    0x40  Data  Gb  Handle.o [1]
Left_Add_Start          0x1fff2675     0x1  Data  Gb  Handle.o [1]
Left_Add_Stop           0x1fff2677     0x1  Data  Gb  Handle.o [1]
Left_Hazard_Flag        0x1fff2679     0x1  Data  Gb  Handle.o [1]
Left_Ka                 0x1fff10b8     0x4  Data  Gb  Handle.o [1]
Left_Kb                 0x1fff10c0     0x4  Data  Gb  Handle.o [1]
Left_Line               0x1fff0e78    0x40  Data  Gb  Handle.o [1]
Left_Max                0x1fff267b     0x1  Data  Gb  Handle.o [1]
Line_Count              0x1fff2674     0x1  Data  Gb  Handle.o [1]
Line_Repair             0x00001689    0xe4  Code  Gb  Handle.o [1]
LoadInt                 0x000026cd    0x6e  Code  Lc  xprintffull_nomb.o [3]
Mid_Line                0x1fff0ef8    0x40  Data  Gb  Handle.o [1]
Mid_Line_Repair         0x0000176d    0xee  Code  Gb  Handle.o [1]
NVIC_DisableIRQ         0x0000515d    0x14  Code  Lc  VCAN_OV7725_Eagle.o [1]
NVIC_EnableIRQ          0x000044bd    0x16  Code  Lc  MK60_uart.o [1]
NVIC_EnableIRQ          0x00005b1d    0x16  Code  Lc  System.o [1]
NVIC_EnableIRQ          0x00005149    0x14  Code  Lc  VCAN_OV7725_Eagle.o [1]
NVIC_SetPriority        0x00005b33    0x2a  Code  Lc  System.o [1]
NVIC_SetPriorityGrouping
                        0x00005af9    0x24  Code  Lc  System.o [1]
NVIC_SystemReset        0x00004245    0x1a  Code  Lc  MK60_conf.o [1]
Out_Side                0x1fff2673     0x1  Data  Gb  Handle.o [1]
PIT0_IRQHandler         0x00004d79   0x148  Code  Gb  MK60_it.o [1]
PIT1_IRQHandler         0x00004ec1     0xe  Code  Gb  MK60_it.o [1]
PORTA_IRQHandler        0x00004eef    0x22  Code  Gb  MK60_it.o [1]
PORTX                   0x1fff0ba4    0x14  Data  Gb  MK60_port.o [1]
Region$$Table$$Base     0x00006334           --   Gb  - Linker created -
Region$$Table$$Limit    0x00006344           --   Gb  - Linker created -
Reset_Handler           0x00000411          Code  Gb  startup_MK60DZ10.o [1]
Right_Add_Flag          0x1fff0ff8    0x40  Data  Gb  Handle.o [1]
Right_Add_Line          0x1fff0f78    0x40  Data  Gb  Handle.o [1]
Right_Add_Start         0x1fff2676     0x1  Data  Gb  Handle.o [1]
Right_Add_Stop          0x1fff2678     0x1  Data  Gb  Handle.o [1]
Right_Hazard_Flag       0x1fff267a     0x1  Data  Gb  Handle.o [1]
Right_Ka                0x1fff10bc     0x4  Data  Gb  Handle.o [1]
Right_Kb                0x1fff10c4     0x4  Data  Gb  Handle.o [1]
Right_Line              0x1fff0eb8    0x40  Data  Gb  Handle.o [1]
Right_Min               0x1fff267c     0x1  Data  Gb  Handle.o [1]
SCCB_Ack                0x00005679    0x3c  Code  Lc  VCAN_SCCB.o [1]
SCCB_GPIO_init          0x000055bf    0x28  Code  Gb  VCAN_SCCB.o [1]
SCCB_NoAck              0x000056b5    0x3c  Code  Lc  VCAN_SCCB.o [1]
SCCB_ReadByte           0x00005855    0x2c  Code  Gb  VCAN_SCCB.o [1]
SCCB_ReadByte_one       0x00005881    0x86  Code  Lc  VCAN_SCCB.o [1]
SCCB_ReceiveByte        0x00005781    0x54  Code  Lc  VCAN_SCCB.o [1]
SCCB_SendByte           0x0000573d    0x44  Code  Lc  VCAN_SCCB.o [1]
SCCB_Start              0x000055e7    0x5e  Code  Lc  VCAN_SCCB.o [1]
SCCB_Stop               0x00005645    0x34  Code  Lc  VCAN_SCCB.o [1]
SCCB_WaitAck            0x000056f1    0x4c  Code  Lc  VCAN_SCCB.o [1]
SCCB_WriteByte          0x000057e5    0x28  Code  Gb  VCAN_SCCB.o [1]
SCCB_WriteByte_one      0x0000580d    0x48  Code  Lc  VCAN_SCCB.o [1]
SCCB_delay              0x000055a5    0x1a  Code  Lc  VCAN_SCCB.o [1]
System_Init             0x00005b5d   0x11c  Code  Gb  System.o [1]
Time_100ms              0x1fff2685     0x1  Data  Gb  MK60_it.o [1]
Time_10ms               0x1fff2682     0x1  Data  Gb  MK60_it.o [1]
Time_20ms               0x1fff2683     0x1  Data  Gb  MK60_it.o [1]
Time_50ms               0x1fff2684     0x1  Data  Gb  MK60_it.o [1]
Traversal_Left          0x00001291    0x7c  Code  Gb  Handle.o [1]
Traversal_Left_Line     0x00001389    0x9e  Code  Gb  Handle.o [1]
Traversal_Mid_Line      0x000014c9   0x1ba  Code  Gb  Handle.o [1]
Traversal_Right         0x0000130d    0x7c  Code  Gb  Handle.o [1]
Traversal_Right_Line    0x00001427    0x9e  Code  Gb  Handle.o [1]
UART4_IRQHandler        0x00004ecf    0x20  Code  Gb  MK60_it.o [1]
UARTN                   0x1fff0bb8    0x18  Data  Gb  MK60_uart.o [1]
Width_Add               0x1fff1078    0x40  Data  Gb  Handle.o [1]
Width_Min               0x1fff2672     0x1  Data  Gb  Handle.o [1]
Width_Real              0x1fff1038    0x40  Data  Gb  Handle.o [1]
_GenldFullNoMb          0x00002c45   0x254  Code  Lc  xprintffull_nomb.o [3]
_LdtobFullNoMb          0x00002845   0x3fa  Code  Lc  xprintffull_nomb.o [3]
_LitobFullNoMb          0x0000273b   0x10a  Code  Lc  xprintffull_nomb.o [3]
_Locale_aeabi_lconv     0x1fff26d8    0x38  Data  Gb  localeconv.o [3]
_Locale_lconv           0x1fff2688    0x50  Data  Gb  localeconv.o [3]
_PrintfFullNoMb         0x0000212d   0x59a  Code  Gb  xprintffull_nomb.o [3]
_Prout                  0x000063f9    0x16  Code  Gb  xprout.o [3]
_PutcharsFullNoMb       0x00002e99    0x2e  Code  Lc  xprintffull_nomb.o [3]
__BOOT_STACK_ADDRESS {Abs}
                        0x2000fff8          Data  Gb  command line/config [2]
__VECTOR_RAM {Abs}      0x1fff0000          Data  Gb  command line/config [2]
__VECTOR_TABLE {Abs}    0x00000000          Data  Gb  command line/config [2]
__aeabi_cdcmple         0x00003139          Code  Gb  DblCmpLe.o [4]
__aeabi_cdrcmple        0x00003169          Code  Gb  DblCmpGe.o [4]
__aeabi_d2f             0x00001c75          Code  Gb  DblToFlt.o [4]
__aeabi_d2iz            0x00001c1d          Code  Gb  DblToI32.o [4]
__aeabi_d2uiz           0x00001c49          Code  Gb  DblToI32.o [4]
__aeabi_dadd            0x00001b35          Code  Gb  DblAdd.o [4]
__aeabi_ddiv            0x00001d05          Code  Gb  DblDiv.o [4]
__aeabi_dmul            0x00001991          Code  Gb  DblMul.o [4]
__aeabi_dsub            0x00001fad          Code  Gb  DblSub.o [4]
__aeabi_f2d             0x00001f5d          Code  Gb  FltToDbl.o [4]
__aeabi_i2d             0x00001961          Code  Gb  I32ToDbl.o [4]
__aeabi_ldiv0           0x00003329          Code  Gb  I64DivZer.o [5]
__aeabi_ui2d            0x00001975          Code  Gb  I32ToDbl.o [4]
__aeabi_uldivmod        0x00002f8d          Code  Gb  I64DivMod.o [5]
__cmain                 0x00006385          Code  Gb  cmain.o [5]
__code_start__ {Abs}    0x00000410          Data  Gb  command line/config [2]
__exit                  0x000063b5    0x14  Code  Gb  exit.o [6]
__iar_Dnorm             0x000030f3    0x44  Code  Gb  xdnorm.o [4]
__iar_Dscale            0x00003199   0x114  Code  Gb  xdscale.o [4]
__iar_Locale_lconv_init
                        0x000032ad    0x3a  Code  Gb  localeconv.o [3]
__iar_Memchr            0x00002f35          Code  Gb  memchr.o [5]
__iar_Stdout            0x1fff0c40    0x40  Data  Gb  xfiles.o [3]
__iar_Strchr            0x00002ee5          Code  Gb  strchr.o [5]
__iar_d2uiz             0x00001c55          Code  Gb  DblToI32.o [4]
__iar_dadd              0x00001b49          Code  Gb  DblAdd.o [4]
__iar_data_init3        0x0000627d    0x28  Code  Gb  data_init.o [5]
__iar_dlib_perthread_access
                        0x0000332b     0x2  Code  Gb  xtls.o [3]
__iar_dsub              0x00001fc1          Code  Gb  DblSub.o [4]
__iar_dsubStart         0x00001fd3          Code  Gb  DblSub.o [4]
__iar_init_vfp          0x00006311          Code  Gb  fpinit_M.o [4]
__iar_program_start     0x00006445          Code  Gb  cstartup_M.o [5]
__iar_ui2d              0x00001979          Code  Gb  I32ToDbl.o [4]
__iar_unaligned___aeabi_memcpy
                        0x0000307d          Code  Gb  ABImemcpy_unaligned.o [5]
__iar_unaligned___aeabi_memcpy4
                        0x0000309d          Code  Gb  ABImemcpy_unaligned.o [5]
__iar_unaligned___aeabi_memcpy8
                        0x0000309d          Code  Gb  ABImemcpy_unaligned.o [5]
__iar_zero_init3        0x00006061    0x40  Code  Gb  zero_init3.o [5]
__low_level_init        0x0000639f     0x4  Code  Gb  low_level_init.o [3]
__vector_table          0x00000000   0x410  Data  Gb  vectors.o [1]
_call_main              0x00006391          Code  Gb  cmain.o [5]
_exit                   0x000063a9          Code  Gb  cexit.o [5]
_main                   0x0000639b          Code  Gb  cmain.o [5]
assert_failed           0x0000425f    0x26  Code  Gb  MK60_conf.o [1]
bus_clk_khz             0x1fff2608     0x4  Data  Gb  system_MK60DZ10.o [1]
ch1_tmp                 0x1fff266a     0x2  Data  Gb  MK60_it.o [1]
ch2_tmp                 0x1fff266c     0x2  Data  Gb  MK60_it.o [1]
ch3_tmp                 0x1fff266e     0x2  Data  Gb  MK60_it.o [1]
ch4_tmp                 0x1fff2670     0x2  Data  Gb  MK60_it.o [1]
colour                  0x1fff0c80     0x2  Data  Gb  Handle.o [1]
common_startup          0x00005e03    0x98  Code  Gb  system_MK60DZ10.o [1]
core_clk_khz            0x1fff2600     0x4  Data  Gb  system_MK60DZ10.o [1]
core_clk_mhz            0x1fff2604     0x4  Data  Gb  system_MK60DZ10.o [1]
d1                      0x1fff2666     0x2  Data  Gb  MK60_it.o [1]
d2                      0x1fff2668     0x2  Data  Gb  MK60_it.o [1]
default_isr             0x00004333    0x34  Code  Gb  MK60_conf.o [1]
div                     0x00003319     0xe  Code  Gb  div.o [3]
dma_gpio_input_init     0x00005361    0x60  Code  Lc  MK60_dma.o [1]
dma_portx2buff_init     0x000053c1   0x1b0  Code  Gb  MK60_dma.o [1]
exit                    0x000063a3     0x4  Code  Gb  exit.o [3]
flag                    0x1fff25ec     0x4  Data  Gb  main.o [1]
flash_cmd               0x1fff0c95    0x20  Code  Gb  MK60_flash.o [1]
flash_erase_sector      0x1fff0cd9    0x5c  Code  Gb  MK60_flash.o [1]
flash_init              0x1fff0cb5    0x24  Code  Gb  MK60_flash.o [1]
flash_write             0x1fff0d35    0xb4  Code  Gb  MK60_flash.o [1]
fputc                   0x00004285    0x14  Code  Gb  MK60_conf.o [1]
ftm_pwm_duty            0x00003eed   0x122  Code  Gb  MK60_ftm.o [1]
ftm_pwm_init            0x00003d4d   0x1a0  Code  Gb  MK60_ftm.o [1]
ftm_quad_clean          0x00004141    0x28  Code  Gb  MK60_ftm.o [1]
ftm_quad_get            0x00004115    0x2c  Code  Gb  MK60_ftm.o [1]
ftm_quad_init           0x0000400f   0x106  Code  Gb  MK60_ftm.o [1]
gpio_get                0x00004959    0x3a  Code  Gb  MK60_gpio.o [1]
gpio_init               0x00004801    0xae  Code  Gb  MK60_gpio.o [1]
gpio_set                0x000048af    0x72  Code  Gb  MK60_gpio.o [1]
gpio_turn               0x00004921    0x38  Code  Gb  MK60_gpio.o [1]
i1                      0x1fff25f0     0x4  Data  Gb  MK60_it.o [1]
i2                      0x1fff25f4     0x4  Data  Gb  MK60_it.o [1]
img                     0x1fff132c  0x12c0  Data  Gb  main.o [1]
img_extract             0x00001871    0x94  Code  Gb  Handle.o [1]
key_check               0x000047d1    0x2a  Code  Gb  VCAN_key.o [1]
key_get                 0x000047b7    0x1a  Code  Gb  VCAN_key.o [1]
key_init                0x00004765    0x52  Code  Gb  VCAN_key.o [1]
led                     0x000043c3    0x3c  Code  Gb  VCAN_LED.o [1]
led_init                0x00004389    0x3a  Code  Gb  VCAN_LED.o [1]
led_turn                0x000043ff    0x32  Code  Gb  VCAN_LED.o [1]
localeconv              0x000032e7    0x16  Code  Gb  localeconv.o [3]
main                    0x00005f19    0x90  Code  Gb  main.o [1]
mcg_cfg                 0x1fff0b48    0x58  Data  Gb  MK60_mcg.o [1]
mcg_div                 0x1fff0ba0     0x4  Data  Gb  MK60_mcg.o [1]
mcg_div_count           0x000049a5   0x304  Code  Gb  MK60_mcg.o [1]
memchr                  0x00002f35          Code  Gb  memchr.o [5]
obuf                    0x1fff2610    0x50  Data  Lc  xfiles.o [3]
ov7725_eagle_cfgnum     0x1fff0c83     0x1  Data  Gb  VCAN_OV7725_Eagle.o [1]
ov7725_eagle_dma        0x0000522d    0x1a  Code  Gb  VCAN_OV7725_Eagle.o [1]
ov7725_eagle_get_img    0x00005247    0x18  Code  Gb  VCAN_OV7725_Eagle.o [1]
ov7725_eagle_img_buff   0x1fff260c     0x4  Data  Gb  VCAN_OV7725_Eagle.o [1]
ov7725_eagle_img_flag   0x1fff0c82     0x1  Data  Gb  VCAN_OV7725_Eagle.o [1]
ov7725_eagle_init       0x00005171    0x18  Code  Gb  VCAN_OV7725_Eagle.o [1]
ov7725_eagle_port_init  0x00005189    0x54  Code  Lc  VCAN_OV7725_Eagle.o [1]
ov7725_eagle_reg        0x1fff0bdc    0x64  Data  Gb  VCAN_OV7725_Eagle.o [1]
ov7725_eagle_reg_init   0x0000525f    0xb2  Code  Lc  VCAN_OV7725_Eagle.o [1]
ov7725_eagle_vsync      0x000051dd    0x50  Code  Gb  VCAN_OV7725_Eagle.o [1]
p1                      0x1fff2662     0x2  Data  Gb  MK60_it.o [1]
p2                      0x1fff2664     0x2  Data  Gb  MK60_it.o [1]
pid_motor               0x00004f19   0x1c2  Code  Gb  MK60_it.o [1]
pid_rudder              0x00005fa9    0x78  Code  Gb  rudder.o [1]
pit_init                0x00005d1d    0x6c  Code  Gb  MK60_PIT.o [1]
pll_init                0x00004ca9    0xb2  Code  Gb  MK60_mcg.o [1]
port_init               0x0000417d    0x48  Code  Gb  MK60_port.o [1]
port_init_NoALT         0x000041c5    0x66  Code  Gb  MK60_port.o [1]
printf                  0x00004435    0x24  Code  Gb  printf.o [3]
putchar                 0x00006411     0xc  Code  Gb  putchar.o [3]
range_protect           0x00001949    0x16  Code  Gb  Control.o [1]
set_sys_dividers        0x1fff0e25    0x50  Code  Gb  MK60_mcg.o [1]
set_vector_handler      0x00005cef    0x22  Code  Gb  misc.o [1]
spl                     0x1fff25f8     0x4  Data  Gb  MK60_it.o [1]
spr                     0x1fff25fc     0x4  Data  Gb  MK60_it.o [1]
start                   0x00005d99    0x2e  Code  Gb  system_MK60DZ10.o [1]
start_check             0x00004299    0x9a  Code  Gb  MK60_conf.o [1]
strchr                  0x00002ee5          Code  Gb  strchr.o [5]
strlen                  0x00002efd          Code  Gb  strlen.o [5]
sysinit                 0x00005dc7    0x3c  Code  Gb  system_MK60DZ10.o [1]
systick_delay           0x00004459    0x36  Code  Gb  MK60_SysTick.o [1]
systick_delay_ms        0x0000448f    0x18  Code  Gb  MK60_SysTick.o [1]
uart_getchar            0x000046e7    0x1e  Code  Gb  MK60_uart.o [1]
uart_init               0x000044d3   0x214  Code  Gb  MK60_uart.o [1]
uart_putchar            0x00004705    0x1a  Code  Gb  MK60_uart.o [1]
uart_rx_irq_en          0x0000471f    0x2a  Code  Gb  MK60_uart.o [1]
vector_str              0x1fff041c   0x708  Data  Gb  MK60_conf.o [1]
wdog_disable            0x00005ed9    0x16  Code  Gb  MK60_wdog.o [1]
wdog_unlock             0x00005eef    0x20  Code  Lc  MK60_wdog.o [1]
write_vtor              0x00005ccd    0x22  Code  Gb  misc.o [1]


[1] = T:\znc2017\直立D-5-4-6：48(环路已破) - 副本\Prj\IAR\FX15_Debug\Obj
[2] = command line
[3] = dl7M_tlf.a
[4] = m7M_tls.a
[5] = rt7M_tl.a
[6] = shb_l.a

  21 160 bytes of readonly  code memory
     496 bytes of readwrite code memory
   4 654 bytes of readonly  data memory
   8 463 bytes of readwrite data memory

Errors: none
Warnings: none
